// Vitest Snapshot v1, https://vitest.dev/guide/snapshot.html

exports[`NuxtAnalytics > Renders correctly with event 1`] = `[Function]`;
